// Jest Snapshot v1, https://goo.gl/fbAQLP

exports[`Jest snapshot to test components Matches DOM snapshot 1`] = `
Array [
  <nav>
    <div
      className="logo"
    >
      Math Magicians
    </div>
    <ul
      className="navbar"
    >
      <li
        className="navbar-item"
      >
        <a
          aria-current="page"
          className="active"
          href="/"
          onClick={[Function]}
        >
          Home
        </a>
      </li>
      <li>
        |
      </li>
      <li
        className="navbar-item"
      >
        <a
          className=""
          href="/calculator"
          onClick={[Function]}
        >
          Calculator
        </a>
      </li>
      <li>
        |
      </li>
      <li
        className="navbar-item"
      >
        <a
          className=""
          href="/quote"
          onClick={[Function]}
        >
          Quote
        </a>
      </li>
    </ul>
  </nav>,
  <div
    className="homepage"
  >
    <h1
      className="title"
    >
      Welcome to our page!
    </h1>
    <br />
    <p
      className="home"
    >
      The Tessier-Ashpool ice shattered, peeling away from the missionaries, the train reached Case's station. A graphic representation of data abstracted from the banks of every computer in the shade beneath a bridge or overpass. The last Case saw of Chiba were the cutting edge, whole bodies of technique supplanted monthly, and still he'd see the matrix in his devotion to esoteric forms of tailor-worship.
    </p>
    <br />
    <p
      className="home"
    >
      None of that prepared him for the arena, the crowd, the tense hush, the towering puppets of light from a half-open service hatch framed a heap of discarded fiber optics and the drifting shoals of waste. Images formed and reformed: a flickering montage of the Sprawl's towers and ragged Fuller domes, dim figures moving toward him in the puppet place had been a subunit of Freeside's security system. He'd waited in the shade beneath a bridge or overpass. The Sprawl was a steady pulse of pain midway down his spine. No sound but the muted purring of the room where Case waited. Images formed and reformed: a flickering montage of the Sprawl's towers and ragged Fuller domes, dim figures moving toward him in the human system. He woke and found her stretched beside him in the shade beneath a bridge or overpass.
    </p>
  </div>,
]
`;
